[coderthemes.com/velonic_3.0/admin/tables.html]
[backblue.gif]
[fade.gif]
[index.html]
[coderthemes.com/velonic_3.0/admin/img/favicon_1.ico]
[coderthemes.com/velonic_3.0/admin/css/bootstrap.min.css]
[coderthemes.com/velonic_3.0/admin/css/bootstrap-reset.css]
[coderthemes.com/velonic_3.0/admin/css/animate.css]
[coderthemes.com/velonic_3.0/admin/assets/font-awesome/css/font-awesome.css]
[coderthemes.com/velonic_3.0/admin/assets/ionicon/css/ionicons.min.css]
[coderthemes.com/velonic_3.0/admin/css/style.css]
[coderthemes.com/velonic_3.0/admin/css/helper.css]
[coderthemes.com/velonic_3.0/admin/css/style-responsive.css]
[www.google-analytics.com/analytics.js]
[coderthemes.com/velonic_3.0/admin/img/single-logo.png]
[coderthemes.com/velonic_3.0/admin/index.html]
[coderthemes.com/velonic_3.0/admin/dashboard2.html]
[coderthemes.com/velonic_3.0/admin/typography.html]
[coderthemes.com/velonic_3.0/admin/buttons.html]
[coderthemes.com/velonic_3.0/admin/icons.html]
[coderthemes.com/velonic_3.0/admin/panels.html]
[coderthemes.com/velonic_3.0/admin/tabs-accordions.html]
[coderthemes.com/velonic_3.0/admin/modals.html]
[coderthemes.com/velonic_3.0/admin/bootstrap-ui.html]
[coderthemes.com/velonic_3.0/admin/progressbars.html]
[coderthemes.com/velonic_3.0/admin/notification.html]
[coderthemes.com/velonic_3.0/admin/sweet-alert.html]
[coderthemes.com/velonic_3.0/admin/grid.html]
[coderthemes.com/velonic_3.0/admin/portlets.html]
[coderthemes.com/velonic_3.0/admin/widgets.html]
[coderthemes.com/velonic_3.0/admin/nestable-list.html]
[coderthemes.com/velonic_3.0/admin/calendar.html]
[coderthemes.com/velonic_3.0/admin/form-elements.html]
[coderthemes.com/velonic_3.0/admin/form-validation.html]
[coderthemes.com/velonic_3.0/admin/form-advanced.html]
[coderthemes.com/velonic_3.0/admin/form-wizard.html]
[coderthemes.com/velonic_3.0/admin/form-editor.html]
[coderthemes.com/velonic_3.0/admin/code-editor.html]
[coderthemes.com/velonic_3.0/admin/form-uploads.html]
[coderthemes.com/velonic_3.0/admin/image-crop.html]
[coderthemes.com/velonic_3.0/admin/table-datatable.html]
[coderthemes.com/velonic_3.0/admin/morris-chart.html]
[coderthemes.com/velonic_3.0/admin/chartjs.html]
[coderthemes.com/velonic_3.0/admin/flot-chart.html]
[coderthemes.com/velonic_3.0/admin/rickshaw-chart.html]
[coderthemes.com/velonic_3.0/admin/c3-chart.html]
[coderthemes.com/velonic_3.0/admin/other-chart.html]
[coderthemes.com/velonic_3.0/admin/inbox.html]
[coderthemes.com/velonic_3.0/admin/email-compose.html]
[coderthemes.com/velonic_3.0/admin/email-read.html]
[coderthemes.com/velonic_3.0/admin/gmap.html]
[coderthemes.com/velonic_3.0/admin/vector-map.html]
[coderthemes.com/velonic_3.0/admin/profile.html]
[coderthemes.com/velonic_3.0/admin/timeline.html]
[coderthemes.com/velonic_3.0/admin/invoice.html]
[coderthemes.com/velonic_3.0/admin/contact.html]
[coderthemes.com/velonic_3.0/admin/login.html]
[coderthemes.com/velonic_3.0/admin/register.html]
[coderthemes.com/velonic_3.0/admin/recoverpw.html]
[coderthemes.com/velonic_3.0/admin/lock-screen.html]
[coderthemes.com/velonic_3.0/admin/blank.html]
[coderthemes.com/velonic_3.0/admin/404.html]
[coderthemes.com/velonic_3.0/admin/404_alt.html]
[coderthemes.com/velonic_3.0/admin/500.html]
[coderthemes.com/velonic_3.0/admin/img/avatar-2.jpg]
[coderthemes.com/velonic_3.0/admin/img/avatar-3.jpg]
[coderthemes.com/velonic_3.0/admin/img/avatar-4.jpg]
[coderthemes.com/velonic_3.0/admin/js/jquery.js]
[coderthemes.com/velonic_3.0/admin/js/bootstrap.min.js]
[coderthemes.com/velonic_3.0/admin/js/pace.min.js]
[coderthemes.com/velonic_3.0/admin/js/wow.min.js]
[coderthemes.com/velonic_3.0/admin/js/jquery.nicescroll.js]
[coderthemes.com/velonic_3.0/admin/tables.html]
[coderthemes.com/velonic_3.0/admin/js/jquery.app.js]
[coderthemes.com/velonic_3.0/admin/fonts/glyphicons-halflings-regular.eot]
[coderthemes.com/velonic_3.0/admin/fonts/glyphicons-halflings-regular.woff2]
[coderthemes.com/velonic_3.0/admin/fonts/glyphicons-halflings-regulard41d.eot]
[coderthemes.com/velonic_3.0/admin/fonts/glyphicons-halflings-regular.woff]
[coderthemes.com/velonic_3.0/admin/fonts/glyphicons-halflings-regular.ttf]
[coderthemes.com/velonic_3.0/admin/fonts/glyphicons-halflings-regular.svg]
[coderthemes.com/velonic_3.0/admin/css/bootstrap.min.css]
[coderthemes.com/velonic_3.0/admin/css/bootstrap-reset.css]
[coderthemes.com/velonic_3.0/admin/css/animate.css]
[coderthemes.com/velonic_3.0/admin/assets/font-awesome/fonts/fontawesome-webfonte0a5.eot]
[coderthemes.com/velonic_3.0/admin/assets/font-awesome/fonts/fontawesome-webfontd41d.eot]
[coderthemes.com/velonic_3.0/admin/assets/font-awesome/fonts/fontawesome-webfonte0a5.woff2]
[coderthemes.com/velonic_3.0/admin/assets/font-awesome/fonts/fontawesome-webfonte0a5.woff]
[coderthemes.com/velonic_3.0/admin/assets/font-awesome/fonts/fontawesome-webfonte0a5.ttf]
[coderthemes.com/velonic_3.0/admin/assets/font-awesome/css/font-awesome.css]
[coderthemes.com/velonic_3.0/admin/assets/ionicon/fonts/ioniconsbab9.eot]
[coderthemes.com/velonic_3.0/admin/assets/font-awesome/fonts/fontawesome-webfonte0a5.svg]
[coderthemes.com/velonic_3.0/admin/assets/ionicon/fonts/ioniconsbab9.ttf]
[coderthemes.com/velonic_3.0/admin/assets/ionicon/fonts/ioniconsbab9.woff]
[coderthemes.com/velonic_3.0/admin/assets/ionicon/fonts/ioniconsbab9.svg]
[coderthemes.com/velonic_3.0/admin/assets/ionicon/css/ionicons.min.css]
[coderthemes.com/velonic_3.0/admin/img/album/img-1.jpg]
[coderthemes.com/velonic_3.0/admin/css/style.css]
[coderthemes.com/velonic_3.0/admin/css/helper.css]
[coderthemes.com/velonic_3.0/admin/css/style-responsive.css]
[coderthemes.com/velonic_3.0/admin/assets/morris/morris.css]
[coderthemes.com/velonic_3.0/admin/img/avatar-5.jpg]
[coderthemes.com/velonic_3.0/admin/assets/sweet-alert/sweet-alert.min.css]
[coderthemes.com/velonic_3.0/admin/img/avatar-6.jpg]
[coderthemes.com/velonic_3.0/admin/img/avatar-7.jpg]
[coderthemes.com/velonic_3.0/admin/img/avatar-8.jpg]
[coderthemes.com/velonic_3.0/admin/img/avatar-9.jpg]
[coderthemes.com/velonic_3.0/admin/js/modernizr.min.js]
[coderthemes.com/velonic_3.0/admin/js/jquery.scrollTo.min.js]
[coderthemes.com/velonic_3.0/admin/assets/chat/moment-2.2.1.js]
[coderthemes.com/velonic_3.0/admin/js/waypoints.min.js]
[coderthemes.com/velonic_3.0/admin/js/jquery.counterup.min.js]
[coderthemes.com/velonic_3.0/admin/assets/easypie-chart/easypiechart.min.js]
[coderthemes.com/velonic_3.0/admin/assets/easypie-chart/jquery.easypiechart.min.js]
[coderthemes.com/velonic_3.0/admin/assets/easypie-chart/example.js]
[coderthemes.com/velonic_3.0/admin/assets/c3-chart/d3.v3.min.js]
[coderthemes.com/velonic_3.0/admin/assets/c3-chart/c3.js]
[coderthemes.com/velonic_3.0/admin/assets/morris/morris.min.js]
[coderthemes.com/velonic_3.0/admin/assets/morris/raphael.min.js]
[coderthemes.com/velonic_3.0/admin/assets/sparkline-chart/jquery.sparkline.min.js]
[coderthemes.com/velonic_3.0/admin/assets/sparkline-chart/chart-sparkline.js]
[coderthemes.com/velonic_3.0/admin/assets/sweet-alert/sweet-alert.min.js]
[coderthemes.com/velonic_3.0/admin/assets/sweet-alert/sweet-alert.init.js]
[coderthemes.com/velonic_3.0/admin/js/jquery.chat.js]
[coderthemes.com/velonic_3.0/admin/js/jquery.dashboard.js]
[coderthemes.com/velonic_3.0/admin/index.html]
[coderthemes.com/velonic_3.0/admin/js/jquery.todo.js]
[coderthemes.com/velonic_3.0/admin/assets/rickshaw-chart/rickshaw.min.css]
[coderthemes.com/velonic_3.0/admin/assets/rickshaw-chart/vendor/d3.min.js]
[coderthemes.com/velonic_3.0/admin/assets/rickshaw-chart/vendor/d3.layout.min.js]
[coderthemes.com/velonic_3.0/admin/assets/rickshaw-chart/rickshaw.min.js]
[coderthemes.com/velonic_3.0/admin/assets/flot-chart/jquery.flot.js]
[coderthemes.com/velonic_3.0/admin/assets/flot-chart/jquery.flot.tooltip.min.js]
[coderthemes.com/velonic_3.0/admin/assets/flot-chart/jquery.flot.resize.js]
[coderthemes.com/velonic_3.0/admin/dashboard2.html]
[coderthemes.com/velonic_3.0/admin/typography.html]
[coderthemes.com/velonic_3.0/admin/buttons.html]
[coderthemes.com/velonic_3.0/admin/icons.html]
[coderthemes.com/velonic_3.0/admin/panels.html]
[coderthemes.com/velonic_3.0/admin/tabs-accordions.html]
[coderthemes.com/velonic_3.0/admin/js/jquery.dashboard2.js]
[coderthemes.com/velonic_3.0/admin/assets/modal-effect/css/component.css]
[coderthemes.com/velonic_3.0/admin/assets/modal-effect/js/classie.js]
[coderthemes.com/velonic_3.0/admin/modals.html]
[coderthemes.com/velonic_3.0/admin/bootstrap-ui.html]
[coderthemes.com/velonic_3.0/admin/progressbars.html]
[coderthemes.com/velonic_3.0/admin/assets/modal-effect/js/modalEffects.js]
[coderthemes.com/velonic_3.0/admin/assets/notifications/notification.css]
[coderthemes.com/velonic_3.0/admin/assets/notifications/notify.min.js]
[coderthemes.com/velonic_3.0/admin/assets/notifications/notify-metro.js]
[coderthemes.com/velonic_3.0/admin/notification.html]
[coderthemes.com/velonic_3.0/admin/sweet-alert.html]
[coderthemes.com/velonic_3.0/admin/grid.html]
[coderthemes.com/velonic_3.0/admin/portlets.html]
[coderthemes.com/velonic_3.0/admin/assets/notifications/notifications.js]
[coderthemes.com/velonic_3.0/admin/assets/owl-carousel/owl.carousel.css]
[coderthemes.com/velonic_3.0/admin/js/skycons.min.js]
[coderthemes.com/velonic_3.0/admin/assets/jquery-knob/jquery.knob.js]
[coderthemes.com/velonic_3.0/admin/widgets.html]
[coderthemes.com/velonic_3.0/admin/assets/owl-carousel/owl.carousel.js]
[coderthemes.com/velonic_3.0/admin/assets/nestable/jquery.nestable.css]
[coderthemes.com/velonic_3.0/admin/assets/nestable/jquery.nestable.js]
[coderthemes.com/velonic_3.0/admin/nestable-list.html]
[coderthemes.com/velonic_3.0/admin/assets/nestable/nestable.js]
[coderthemes.com/velonic_3.0/admin/assets/fullcalendar/fullcalendar.css]
[coderthemes.com/velonic_3.0/admin/js/jquery-ui-1.10.1.custom.min.js]
[coderthemes.com/velonic_3.0/admin/assets/fullcalendar/moment.min.js]
[coderthemes.com/velonic_3.0/admin/assets/fullcalendar/fullcalendar.min.js]
[coderthemes.com/velonic_3.0/admin/calendar.html]
[coderthemes.com/velonic_3.0/admin/form-elements.html]
[coderthemes.com/velonic_3.0/admin/assets/fullcalendar/calendar-init.js]
[coderthemes.com/velonic_3.0/admin/assets/jquery.validate/jquery.validate.min.js]
[coderthemes.com/velonic_3.0/admin/form-validation.html]
[coderthemes.com/velonic_3.0/admin/assets/jquery.validate/form-validation-init.js]
[coderthemes.com/velonic_3.0/admin/assets/tagsinput/jquery.tagsinput.css]
[coderthemes.com/velonic_3.0/admin/assets/toggles/toggles.css]
[coderthemes.com/velonic_3.0/admin/assets/timepicker/bootstrap-timepicker.min.css]
[coderthemes.com/velonic_3.0/admin/assets/timepicker/bootstrap-datepicker.min.css]
[coderthemes.com/velonic_3.0/admin/assets/colorpicker/colorpicker.css]
[coderthemes.com/velonic_3.0/admin/assets/jquery-multi-select/multi-select.css]
[coderthemes.com/velonic_3.0/admin/assets/select2/select2.css]
[coderthemes.com/velonic_3.0/admin/assets/tagsinput/jquery.tagsinput.min.js]
[coderthemes.com/velonic_3.0/admin/assets/toggles/toggles.min.js]
[coderthemes.com/velonic_3.0/admin/assets/timepicker/bootstrap-timepicker.min.js]
[coderthemes.com/velonic_3.0/admin/assets/timepicker/bootstrap-datepicker.js]
[coderthemes.com/velonic_3.0/admin/assets/colorpicker/bootstrap-colorpicker.js]
[coderthemes.com/velonic_3.0/admin/assets/jquery-multi-select/jquery.multi-select.js]
[coderthemes.com/velonic_3.0/admin/assets/jquery-multi-select/jquery.quicksearch.js]
[coderthemes.com/velonic_3.0/admin/assets/bootstrap-inputmask/bootstrap-inputmask.min.js]
[coderthemes.com/velonic_3.0/admin/assets/spinner/spinner.min.js]
[coderthemes.com/velonic_3.0/admin/form-advanced.html]
[coderthemes.com/velonic_3.0/admin/assets/select2/select2.min.js]
[coderthemes.com/velonic_3.0/admin/assets/form-wizard/jquery.steps.css]
[coderthemes.com/velonic_3.0/admin/assets/form-wizard/bootstrap-validator.min.js]
[coderthemes.com/velonic_3.0/admin/assets/form-wizard/jquery.steps.min.js]
[coderthemes.com/velonic_3.0/admin/form-wizard.html]
[coderthemes.com/velonic_3.0/admin/assets/form-wizard/wizard-init.js]
[coderthemes.com/velonic_3.0/admin/assets/bootstrap-wysihtml5/bootstrap-wysihtml5.css]
[coderthemes.com/velonic_3.0/admin/assets/summernote/summernote.css]
[coderthemes.com/velonic_3.0/admin/assets/bootstrap-wysihtml5/bootstrap-wysihtml5.js]
[coderthemes.com/velonic_3.0/admin/assets/bootstrap-wysihtml5/wysihtml5-0.3.0.js]
[coderthemes.com/velonic_3.0/admin/form-editor.html]
[coderthemes.com/velonic_3.0/admin/assets/summernote/summernote.min.js]
[coderthemes.com/velonic_3.0/admin/assets/codemirror/codemirror.css]
[coderthemes.com/velonic_3.0/admin/assets/codemirror/ambiance.css]
[coderthemes.com/velonic_3.0/admin/assets/codemirror/formatting.js]
[coderthemes.com/velonic_3.0/admin/assets/codemirror/codemirror.js]
[coderthemes.com/velonic_3.0/admin/assets/codemirror/xml.js]
[coderthemes.com/velonic_3.0/admin/assets/codemirror/javascript.js]
[coderthemes.com/velonic_3.0/admin/code-editor.html]
[coderthemes.com/velonic_3.0/admin/assets/codemirror/custom.codemirror.js]
[coderthemes.com/velonic_3.0/admin/assets/dropzone/dropzone.css]
[coderthemes.com/velonic_3.0/admin/form-uploads.html]
[coderthemes.com/velonic_3.0/admin/assets/dropzone/dropzone.min.js]
[coderthemes.com/velonic_3.0/admin/assets/cropper/cropper.css]
[coderthemes.com/velonic_3.0/admin/img/img_1.jpg]
[coderthemes.com/velonic_3.0/admin/img/img_2.jpg]
[coderthemes.com/velonic_3.0/admin/assets/cropper/cropper.min.js]
[coderthemes.com/velonic_3.0/admin/image-crop.html]
[coderthemes.com/velonic_3.0/admin/assets/cropper/cropper-conf.js]
[coderthemes.com/velonic_3.0/admin/assets/datatables/jquery.dataTables.min.css]
[coderthemes.com/velonic_3.0/admin/assets/datatables/jquery.dataTables.min.js]
[coderthemes.com/velonic_3.0/admin/table-datatable.html]
[coderthemes.com/velonic_3.0/admin/assets/datatables/dataTables.bootstrap.js]
[coderthemes.com/velonic_3.0/admin/morris-chart.html]
[coderthemes.com/velonic_3.0/admin/assets/morris/morris.init.js]
[coderthemes.com/velonic_3.0/admin/assets/chartjs/chart.min.js]
[coderthemes.com/velonic_3.0/admin/chartjs.html]
[coderthemes.com/velonic_3.0/admin/assets/chartjs/chartjs.init.js]
[coderthemes.com/velonic_3.0/admin/assets/flot-chart/jquery.flot.time.js]
[coderthemes.com/velonic_3.0/admin/assets/flot-chart/jquery.flot.pie.js]
[coderthemes.com/velonic_3.0/admin/assets/flot-chart/jquery.flot.selection.js]
[coderthemes.com/velonic_3.0/admin/assets/flot-chart/jquery.flot.stack.js]
[coderthemes.com/velonic_3.0/admin/assets/flot-chart/jquery.flot.crosshair.js]
[coderthemes.com/velonic_3.0/admin/flot-chart.html]
[coderthemes.com/velonic_3.0/admin/assets/flot-chart/jquery.flot.init.js]
[ajax.googleapis.com/ajax/libs/jqueryui/1.8.15/jquery-ui.min.js]
[coderthemes.com/velonic_3.0/admin/assets/rickshaw-chart/rickshaw.chart.init.js]
[coderthemes.com/velonic_3.0/admin/rickshaw-chart.html]
[coderthemes.com/velonic_3.0/admin/assets/c3-chart/c3.css]
[coderthemes.com/velonic_3.0/admin/assets/c3-chart/c3-chart.init.js]
[coderthemes.com/velonic_3.0/admin/c3-chart.html]
[coderthemes.com/velonic_3.0/admin/other-chart.html]
[coderthemes.com/velonic_3.0/admin/inbox.html]
[coderthemes.com/velonic_3.0/admin/email-compose.html]
[coderthemes.com/velonic_3.0/admin/img/album/sm-img-1.jpg]
[coderthemes.com/velonic_3.0/admin/img/album/sm-img-2.jpg]
[coderthemes.com/velonic_3.0/admin/email-read.html]
[coderthemes.com/velonic_3.0/admin/assets/gmaps/gmaps.js]
[coderthemes.com/velonic_3.0/admin/assets/gmaps/gmaps-plugin.js]
[coderthemes.com/velonic_3.0/admin/gmap.html]
[coderthemes.com/velonic_3.0/admin/assets/vector-map/jquery-jvectormap-1.1.1.css]
[coderthemes.com/velonic_3.0/admin/assets/vector-map/jqvmap.css]
[coderthemes.com/velonic_3.0/admin/assets/vector-map/jquery.vmap.js]
[coderthemes.com/velonic_3.0/admin/assets/vector-map/jquery.vmap.world.js]
[coderthemes.com/velonic_3.0/admin/assets/vector-map/jquery.vmap.sampledata.js]
[coderthemes.com/velonic_3.0/admin/assets/vector-map/jquery.vmap.europe.js]
[coderthemes.com/velonic_3.0/admin/assets/vector-map/jquery.vmap.asia.js]
[coderthemes.com/velonic_3.0/admin/assets/vector-map/jquery.vmap.australia.js]
[coderthemes.com/velonic_3.0/admin/assets/vector-map/jquery.vmap.usa.js]
[coderthemes.com/velonic_3.0/admin/vector-map.html]
[coderthemes.com/velonic_3.0/admin/assets/vector-map/vmap-init.js]
[coderthemes.com/velonic_3.0/admin/img/bg_6.jpg]
[coderthemes.com/velonic_3.0/admin/profile.html]
[coderthemes.com/velonic_3.0/admin/img/album/sm-img-3.jpg]
[coderthemes.com/velonic_3.0/admin/img/album/sm-img-4.jpg]
[coderthemes.com/velonic_3.0/admin/img/album/sm-img-5.jpg]
[coderthemes.com/velonic_3.0/admin/timeline.html]
[coderthemes.com/velonic_3.0/admin/img/logo_dark.png]
[coderthemes.com/velonic_3.0/admin/invoice.html]
[coderthemes.com/velonic_3.0/admin/contact.html]
[coderthemes.com/velonic_3.0/admin/login.html]
[coderthemes.com/velonic_3.0/admin/register.html]
[coderthemes.com/velonic_3.0/admin/recoverpw.html]
[coderthemes.com/velonic_3.0/admin/lock-screen.html]
[coderthemes.com/velonic_3.0/admin/blank.html]
[coderthemes.com/velonic_3.0/admin/404.html]
[coderthemes.com/velonic_3.0/admin/404_alt.html]
[coderthemes.com/velonic_3.0/admin/500.html]
[coderthemes.com/velonic_3.0/admin/js/jquery.js]
[coderthemes.com/velonic_3.0/admin/js/bootstrap.min.js]
[coderthemes.com/velonic_3.0/admin/js/pace.min.js]
[coderthemes.com/velonic_3.0/admin/js/wow.min.js]
[coderthemes.com/velonic_3.0/admin/js/jquery.nicescroll.js]
[coderthemes.com/velonic_3.0/admin/js/jquery.app.js]
[coderthemes.com/velonic_3.0/admin/fonts/glyphicons-halflings-regular.svg]
[coderthemes.com/velonic_3.0/admin/assets/font-awesome/fonts/fontawesome-webfonte0a5.svg]
[coderthemes.com/velonic_3.0/admin/assets/ionicon/fonts/ioniconsbab9.svg]
[coderthemes.com/velonic_3.0/admin/assets/morris/morris.css]
[coderthemes.com/velonic_3.0/admin/assets/sweet-alert/sweet-alert.min.css]
[coderthemes.com/velonic_3.0/admin/js/modernizr.min.js]
[coderthemes.com/velonic_3.0/admin/js/jquery.scrollTo.min.js]
[coderthemes.com/velonic_3.0/admin/assets/chat/moment-2.2.1.js]
[coderthemes.com/velonic_3.0/admin/js/waypoints.min.js]
[coderthemes.com/velonic_3.0/admin/js/jquery.counterup.min.js]
[coderthemes.com/velonic_3.0/admin/assets/easypie-chart/easypiechart.min.js]
[coderthemes.com/velonic_3.0/admin/assets/easypie-chart/jquery.easypiechart.min.js]
[coderthemes.com/velonic_3.0/admin/assets/easypie-chart/example.js]
[coderthemes.com/velonic_3.0/admin/assets/c3-chart/d3.v3.min.js]
[coderthemes.com/velonic_3.0/admin/assets/c3-chart/c3.js]
[coderthemes.com/velonic_3.0/admin/assets/morris/morris.min.js]
[coderthemes.com/velonic_3.0/admin/assets/morris/raphael.min.js]
[coderthemes.com/velonic_3.0/admin/assets/sparkline-chart/jquery.sparkline.min.js]
[coderthemes.com/velonic_3.0/admin/assets/sparkline-chart/chart-sparkline.js]
[coderthemes.com/velonic_3.0/admin/assets/sweet-alert/sweet-alert.min.js]
[coderthemes.com/velonic_3.0/admin/assets/sweet-alert/sweet-alert.init.js]
[coderthemes.com/velonic_3.0/admin/js/jquery.chat.js]
[coderthemes.com/velonic_3.0/admin/js/jquery.dashboard.js]
[coderthemes.com/velonic_3.0/admin/js/jquery.todo.js]
[coderthemes.com/velonic_3.0/admin/assets/rickshaw-chart/rickshaw.min.css]
[coderthemes.com/velonic_3.0/admin/assets/rickshaw-chart/vendor/d3.min.js]
[coderthemes.com/velonic_3.0/admin/assets/rickshaw-chart/vendor/d3.layout.min.js]
[coderthemes.com/velonic_3.0/admin/assets/rickshaw-chart/rickshaw.min.js]
[coderthemes.com/velonic_3.0/admin/assets/flot-chart/jquery.flot.js]
[coderthemes.com/velonic_3.0/admin/assets/flot-chart/jquery.flot.tooltip.min.js]
[coderthemes.com/velonic_3.0/admin/assets/flot-chart/jquery.flot.resize.js]
[coderthemes.com/velonic_3.0/admin/js/jquery.dashboard2.js]
[coderthemes.com/velonic_3.0/admin/assets/modal-effect/css/component.css]
[coderthemes.com/velonic_3.0/admin/assets/modal-effect/js/classie.js]
[coderthemes.com/velonic_3.0/admin/assets/modal-effect/js/modalEffects.js]
[coderthemes.com/velonic_3.0/admin/assets/notifications/notification.css]
[coderthemes.com/velonic_3.0/admin/assets/notifications/notify.min.js]
[coderthemes.com/velonic_3.0/admin/assets/notifications/notify-metro.js]
[coderthemes.com/velonic_3.0/admin/assets/notifications/notifications.js]
[coderthemes.com/velonic_3.0/admin/assets/owl-carousel/owl.carousel.css]
[coderthemes.com/velonic_3.0/admin/js/skycons.min.js]
[coderthemes.com/velonic_3.0/admin/assets/jquery-knob/jquery.knob.js]
[coderthemes.com/velonic_3.0/admin/assets/owl-carousel/owl.carousel.js]
[coderthemes.com/velonic_3.0/admin/assets/nestable/jquery.nestable.css]
[coderthemes.com/velonic_3.0/admin/assets/nestable/jquery.nestable.js]
[coderthemes.com/velonic_3.0/admin/assets/nestable/nestable.js]
[coderthemes.com/velonic_3.0/admin/assets/fullcalendar/fullcalendar.css]
[coderthemes.com/velonic_3.0/admin/js/jquery-ui-1.10.1.custom.min.js]
[coderthemes.com/velonic_3.0/admin/assets/fullcalendar/moment.min.js]
[coderthemes.com/velonic_3.0/admin/assets/fullcalendar/fullcalendar.min.js]
[coderthemes.com/velonic_3.0/admin/assets/fullcalendar/calendar-init.js]
[coderthemes.com/velonic_3.0/admin/assets/jquery.validate/jquery.validate.min.js]
[coderthemes.com/velonic_3.0/admin/assets/jquery.validate/form-validation-init.js]
[coderthemes.com/velonic_3.0/admin/assets/tagsinput/jquery.tagsinput.css]
[coderthemes.com/velonic_3.0/admin/assets/toggles/toggles.css]
[coderthemes.com/velonic_3.0/admin/assets/timepicker/bootstrap-timepicker.min.css]
[coderthemes.com/velonic_3.0/admin/assets/timepicker/bootstrap-datepicker.min.css]
[coderthemes.com/velonic_3.0/admin/assets/colorpicker/img/saturation.png]
[coderthemes.com/velonic_3.0/admin/assets/colorpicker/img/hue.png]
[coderthemes.com/velonic_3.0/admin/assets/colorpicker/img/alpha.png]
[coderthemes.com/velonic_3.0/admin/assets/colorpicker/colorpicker.css]
[coderthemes.com/velonic_3.0/admin/assets/jquery-multi-select/img/switch.png]
[coderthemes.com/velonic_3.0/admin/assets/jquery-multi-select/multi-select.css]
[coderthemes.com/velonic_3.0/admin/assets/select2/img/select2.png]
[coderthemes.com/velonic_3.0/admin/assets/select2/img/droparrows.png]
[coderthemes.com/velonic_3.0/admin/assets/select2/img/select2-spinner.gif]
[coderthemes.com/velonic_3.0/admin/assets/select2/select2.css]
[coderthemes.com/velonic_3.0/admin/assets/tagsinput/jquery.tagsinput.min.js]
[coderthemes.com/velonic_3.0/admin/assets/toggles/toggles.min.js]
[coderthemes.com/velonic_3.0/admin/assets/timepicker/bootstrap-timepicker.min.js]
[coderthemes.com/velonic_3.0/admin/assets/timepicker/bootstrap-datepicker.js]
[coderthemes.com/velonic_3.0/admin/assets/colorpicker/bootstrap-colorpicker.js]
[coderthemes.com/velonic_3.0/admin/assets/jquery-multi-select/jquery.multi-select.js]
[coderthemes.com/velonic_3.0/admin/assets/jquery-multi-select/jquery.quicksearch.js]
[coderthemes.com/velonic_3.0/admin/assets/bootstrap-inputmask/bootstrap-inputmask.min.js]
[coderthemes.com/velonic_3.0/admin/assets/spinner/spinner.min.js]
[coderthemes.com/velonic_3.0/admin/assets/select2/select2.min.js]
[coderthemes.com/velonic_3.0/admin/assets/form-wizard/jquery.steps.css]
[coderthemes.com/velonic_3.0/admin/assets/form-wizard/bootstrap-validator.min.js]
[coderthemes.com/velonic_3.0/admin/assets/form-wizard/jquery.steps.min.js]
[coderthemes.com/velonic_3.0/admin/assets/form-wizard/wizard-init.js]
[coderthemes.com/velonic_3.0/admin/assets/bootstrap-wysihtml5/bootstrap-wysihtml5.css]
[coderthemes.com/velonic_3.0/admin/assets/summernote/summernote.css]
[coderthemes.com/velonic_3.0/admin/assets/bootstrap-wysihtml5/wysihtml5-0.3.0.js]
[coderthemes.com/velonic_3.0/admin/assets/bootstrap-wysihtml5/bootstrap-wysihtml5.js]
[coderthemes.com/velonic_3.0/admin/assets/summernote/summernote.min.js]
[coderthemes.com/velonic_3.0/admin/assets/codemirror/codemirror.css]
[coderthemes.com/velonic_3.0/admin/assets/codemirror/ambiance.css]
[coderthemes.com/velonic_3.0/admin/assets/codemirror/codemirror.js]
[coderthemes.com/velonic_3.0/admin/assets/codemirror/formatting.js]
[coderthemes.com/velonic_3.0/admin/assets/codemirror/xml.js]
[coderthemes.com/velonic_3.0/admin/assets/codemirror/javascript.js]
[coderthemes.com/velonic_3.0/admin/assets/codemirror/custom.codemirror.js]
[coderthemes.com/velonic_3.0/admin/assets/dropzone/spritemap.png]
[coderthemes.com/velonic_3.0/admin/assets/dropzone/spritemap@2x.png]
[coderthemes.com/velonic_3.0/admin/assets/dropzone/dropzone.css]
[coderthemes.com/velonic_3.0/admin/assets/dropzone/dropzone.min.js]
[coderthemes.com/velonic_3.0/admin/assets/cropper/cropper.css]
[coderthemes.com/velonic_3.0/admin/assets/cropper/cropper.min.js]
[coderthemes.com/velonic_3.0/admin/assets/cropper/cropper-conf.js]
[coderthemes.com/velonic_3.0/admin/assets/datatables/jquery.dataTables.min.css]
[coderthemes.com/velonic_3.0/admin/assets/datatables/jquery.dataTables.min.js]
[coderthemes.com/velonic_3.0/admin/assets/datatables/dataTables.bootstrap.js]
[coderthemes.com/velonic_3.0/admin/assets/morris/morris.init.js]
[coderthemes.com/velonic_3.0/admin/assets/chartjs/chart.min.js]
[coderthemes.com/velonic_3.0/admin/assets/chartjs/chartjs.init.js]
[coderthemes.com/velonic_3.0/admin/assets/flot-chart/jquery.flot.time.js]
[coderthemes.com/velonic_3.0/admin/assets/flot-chart/jquery.flot.pie.js]
[coderthemes.com/velonic_3.0/admin/assets/flot-chart/jquery.flot.selection.js]
[coderthemes.com/velonic_3.0/admin/assets/flot-chart/jquery.flot.stack.js]
[coderthemes.com/velonic_3.0/admin/assets/flot-chart/jquery.flot.crosshair.js]
[coderthemes.com/velonic_3.0/admin/assets/flot-chart/jquery.flot.init.js]
[ajax.googleapis.com/ajax/libs/jqueryui/1.8/themes/base/images/ui-bg_flat_75_ffffff_40x100.png]
[ajax.googleapis.com/ajax/libs/jqueryui/1.8/themes/base/images/ui-bg_highlight-soft_75_cccccc_1x100.png]
[ajax.googleapis.com/ajax/libs/jqueryui/1.8/themes/base/images/ui-bg_glass_75_e6e6e6_1x400.png]
[ajax.googleapis.com/ajax/libs/jqueryui/1.8/themes/base/images/ui-bg_glass_75_dadada_1x400.png]
[ajax.googleapis.com/ajax/libs/jqueryui/1.8/themes/base/images/ui-bg_glass_65_ffffff_1x400.png]
[ajax.googleapis.com/ajax/libs/jqueryui/1.8/themes/base/images/ui-bg_glass_55_fbf9ee_1x400.png]
[ajax.googleapis.com/ajax/libs/jqueryui/1.8/themes/base/images/ui-bg_glass_95_fef1ec_1x400.png]
[ajax.googleapis.com/ajax/libs/jqueryui/1.8/themes/base/images/ui-icons_222222_256x240.png]
[ajax.googleapis.com/ajax/libs/jqueryui/1.8/themes/base/images/ui-icons_888888_256x240.png]
[ajax.googleapis.com/ajax/libs/jqueryui/1.8/themes/base/images/ui-icons_454545_256x240.png]
[ajax.googleapis.com/ajax/libs/jqueryui/1.8/themes/base/images/ui-icons_2e83ff_256x240.png]
[ajax.googleapis.com/ajax/libs/jqueryui/1.8/themes/base/images/ui-icons_cd0a0a_256x240.png]
[ajax.googleapis.com/ajax/libs/jqueryui/1.8/themes/base/images/ui-bg_flat_0_aaaaaa_40x100.png]
[ajax.googleapis.com/ajax/libs/jqueryui/1.8/themes/base/jquery-ui.css]
[coderthemes.com/velonic_3.0/admin/assets/rickshaw-chart/rickshaw.chart.init.js]
[coderthemes.com/velonic_3.0/admin/assets/c3-chart/c3.css]
[coderthemes.com/velonic_3.0/admin/assets/c3-chart/c3-chart.init.js]
[coderthemes.com/velonic_3.0/admin/assets/gmaps/gmaps.js]
[coderthemes.com/velonic_3.0/admin/assets/gmaps/gmaps-plugin.js]
[coderthemes.com/velonic_3.0/admin/assets/vector-map/jquery-jvectormap-1.1.1.css]
[coderthemes.com/velonic_3.0/admin/assets/vector-map/jqvmap.css]
[coderthemes.com/velonic_3.0/admin/assets/vector-map/jquery.vmap.js]
[coderthemes.com/velonic_3.0/admin/assets/vector-map/jquery.vmap.world.js]
[coderthemes.com/velonic_3.0/admin/assets/vector-map/jquery.vmap.sampledata.js]
[coderthemes.com/velonic_3.0/admin/assets/vector-map/jquery.vmap.europe.js]
[coderthemes.com/velonic_3.0/admin/assets/vector-map/jquery.vmap.asia.js]
[coderthemes.com/velonic_3.0/admin/assets/vector-map/jquery.vmap.australia.js]
[coderthemes.com/velonic_3.0/admin/assets/vector-map/jquery.vmap.usa.js]
[coderthemes.com/velonic_3.0/admin/assets/vector-map/vmap-init.js]
[coderthemes.com/velonic_3.0/admin/Popover requires tooltip.html]
[coderthemes.com/velonic_3.0/admin/GET.html]
[coderthemes.com/velonic_3.0/admin/assets/select2/.img/select2x2.html]
[coderthemes.com/velonic_3.0/admin/AppleWebKit/index.html]
[coderthemes.com/velonic_3.0/admin/Chrome/index.html]
[coderthemes.com/velonic_3.0/admin/Opera/index.html]
[coderthemes.com/velonic_3.0/admin/hpwos/index.html]
[coderthemes.com/velonic_3.0/admin/_.html]
[coderthemes.com/velonic_3.0/admin/dropzone/lib/dropzone.html]
